Archive member included to satisfy reference by file (symbol)

d:/fakultet/seavus-sumer/systemworkbench/plugins/fr.ac6.mcu.externaltools.arm-none.win32_1.17.0.201812190825/tools/compiler/bin/../lib/gcc/arm-none-eabi/7.3.1/thumb/v7e-m/fpv5/hard\libgcc.a(_aeabi_ldivmod.o)
                              Drivers/STM32F7xx_HAL_Driver/stm32f7xx_hal_rcc.o (__aeabi_ldivmod)
d:/fakultet/seavus-sumer/systemworkbench/plugins/fr.ac6.mcu.externaltools.arm-none.win32_1.17.0.201812190825/tools/compiler/bin/../lib/gcc/arm-none-eabi/7.3.1/thumb/v7e-m/fpv5/hard\libgcc.a(_aeabi_uldivmod.o)
                              Drivers/STM32F7xx_HAL_Driver/stm32f7xx_hal_rcc.o (__aeabi_uldivmod)
d:/fakultet/seavus-sumer/systemworkbench/plugins/fr.ac6.mcu.externaltools.arm-none.win32_1.17.0.201812190825/tools/compiler/bin/../lib/gcc/arm-none-eabi/7.3.1/thumb/v7e-m/fpv5/hard\libgcc.a(_udivmoddi4.o)
                              d:/fakultet/seavus-sumer/systemworkbench/plugins/fr.ac6.mcu.externaltools.arm-none.win32_1.17.0.201812190825/tools/compiler/bin/../lib/gcc/arm-none-eabi/7.3.1/thumb/v7e-m/fpv5/hard\libgcc.a(_aeabi_ldivmod.o) (__udivmoddi4)
d:/fakultet/seavus-sumer/systemworkbench/plugins/fr.ac6.mcu.externaltools.arm-none.win32_1.17.0.201812190825/tools/compiler/bin/../lib/gcc/arm-none-eabi/7.3.1/thumb/v7e-m/fpv5/hard\libgcc.a(_dvmd_tls.o)
                              d:/fakultet/seavus-sumer/systemworkbench/plugins/fr.ac6.mcu.externaltools.arm-none.win32_1.17.0.201812190825/tools/compiler/bin/../lib/gcc/arm-none-eabi/7.3.1/thumb/v7e-m/fpv5/hard\libgcc.a(_aeabi_ldivmod.o) (__aeabi_ldiv0)
d:/fakultet/seavus-sumer/systemworkbench/plugins/fr.ac6.mcu.externaltools.arm-none.win32_1.17.0.201812190825/tools/compiler/bin/../lib/gcc/arm-none-eabi/7.3.1/../../../../arm-none-eabi/lib/thumb/v7e-m/fpv5/hard\libc_nano.a(lib_a-exit.o)
                              d:/fakultet/seavus-sumer/systemworkbench/plugins/fr.ac6.mcu.externaltools.arm-none.win32_1.17.0.201812190825/tools/compiler/bin/../lib/gcc/arm-none-eabi/7.3.1/../../../../arm-none-eabi/lib/thumb/v7e-m/fpv5/hard/crt0.o (exit)
d:/fakultet/seavus-sumer/systemworkbench/plugins/fr.ac6.mcu.externaltools.arm-none.win32_1.17.0.201812190825/tools/compiler/bin/../lib/gcc/arm-none-eabi/7.3.1/../../../../arm-none-eabi/lib/thumb/v7e-m/fpv5/hard\libc_nano.a(lib_a-impure.o)
                              d:/fakultet/seavus-sumer/systemworkbench/plugins/fr.ac6.mcu.externaltools.arm-none.win32_1.17.0.201812190825/tools/compiler/bin/../lib/gcc/arm-none-eabi/7.3.1/../../../../arm-none-eabi/lib/thumb/v7e-m/fpv5/hard\libc_nano.a(lib_a-exit.o) (_global_impure_ptr)
d:/fakultet/seavus-sumer/systemworkbench/plugins/fr.ac6.mcu.externaltools.arm-none.win32_1.17.0.201812190825/tools/compiler/bin/../lib/gcc/arm-none-eabi/7.3.1/../../../../arm-none-eabi/lib/thumb/v7e-m/fpv5/hard\libc_nano.a(lib_a-init.o)
                              d:/fakultet/seavus-sumer/systemworkbench/plugins/fr.ac6.mcu.externaltools.arm-none.win32_1.17.0.201812190825/tools/compiler/bin/../lib/gcc/arm-none-eabi/7.3.1/../../../../arm-none-eabi/lib/thumb/v7e-m/fpv5/hard/crt0.o (__libc_init_array)
d:/fakultet/seavus-sumer/systemworkbench/plugins/fr.ac6.mcu.externaltools.arm-none.win32_1.17.0.201812190825/tools/compiler/bin/../lib/gcc/arm-none-eabi/7.3.1/../../../../arm-none-eabi/lib/thumb/v7e-m/fpv5/hard\libc_nano.a(lib_a-memset.o)
                              d:/fakultet/seavus-sumer/systemworkbench/plugins/fr.ac6.mcu.externaltools.arm-none.win32_1.17.0.201812190825/tools/compiler/bin/../lib/gcc/arm-none-eabi/7.3.1/../../../../arm-none-eabi/lib/thumb/v7e-m/fpv5/hard/crt0.o (memset)
d:/fakultet/seavus-sumer/systemworkbench/plugins/fr.ac6.mcu.externaltools.arm-none.win32_1.17.0.201812190825/tools/compiler/bin/../lib/gcc/arm-none-eabi/7.3.1/../../../../arm-none-eabi/lib/thumb/v7e-m/fpv5/hard\libnosys.a(_exit.o)
                              d:/fakultet/seavus-sumer/systemworkbench/plugins/fr.ac6.mcu.externaltools.arm-none.win32_1.17.0.201812190825/tools/compiler/bin/../lib/gcc/arm-none-eabi/7.3.1/../../../../arm-none-eabi/lib/thumb/v7e-m/fpv5/hard\libc_nano.a(lib_a-exit.o) (_exit)

Allocating common symbols
Common symbol       size              file

sdramHandle         0x34              Drivers/BSP/STM32F769I_DISCOVERY/stm32f769i_discovery_sdram.o
uwTick              0x4               Drivers/STM32F7xx_HAL_Driver/stm32f7xx_hal.o
CmdCfg              0x2c              Example/User/main.o
dsiPllInit          0xc               Example/User/main.o
hdma2d_discovery    0x58              Drivers/BSP/STM32F769I_DISCOVERY/stm32f769i_discovery_lcd.o
hdsivideo_handle    0x6c              Example/User/main.o
hltdc_discovery     0xa8              Drivers/BSP/STM32F769I_DISCOVERY/stm32f769i_discovery_lcd.o
LPCmd               0x34              Example/User/main.o
hdsi_discovery      0x1c              Drivers/BSP/STM32F769I_DISCOVERY/stm32f769i_discovery_lcd.o

Discarded input sections

[...]
Memory Configuration

Name             Origin             Length             Attributes
FLASH            0x08000000         0x00200000         xr
RAM              0x20000000         0x00080000         xrw
*default*        0x00000000         0xffffffff

Linker script and memory map

LOAD d:/fakultet/seavus-sumer/systemworkbench/plugins/fr.ac6.mcu.externaltools.arm-none.win32_1.17.0.201812190825/tools/compiler/bin/../lib/gcc/arm-none-eabi/7.3.1/thumb/v7e-m/fpv5/hard/crti.o
LOAD d:/fakultet/seavus-sumer/systemworkbench/plugins/fr.ac6.mcu.externaltools.arm-none.win32_1.17.0.201812190825/tools/compiler/bin/../lib/gcc/arm-none-eabi/7.3.1/thumb/v7e-m/fpv5/hard/crtbegin.o
LOAD d:/fakultet/seavus-sumer/systemworkbench/plugins/fr.ac6.mcu.externaltools.arm-none.win32_1.17.0.201812190825/tools/compiler/bin/../lib/gcc/arm-none-eabi/7.3.1/../../../../arm-none-eabi/lib/thumb/v7e-m/fpv5/hard/crt0.o
LOAD Drivers/BSP/Components/otm8009a.o
LOAD Drivers/BSP/STM32F769I_DISCOVERY/stm32f769i_discovery.o
LOAD Drivers/BSP/STM32F769I_DISCOVERY/stm32f769i_discovery_lcd.o
LOAD Drivers/BSP/STM32F769I_DISCOVERY/stm32f769i_discovery_sdram.o
LOAD Drivers/CMSIS/system_stm32f7xx.o
LOAD Drivers/STM32F7xx_HAL_Driver/stm32f7xx_hal.o
LOAD Drivers/STM32F7xx_HAL_Driver/stm32f7xx_hal_adc.o
LOAD Drivers/STM32F7xx_HAL_Driver/stm32f7xx_hal_adc_ex.o
LOAD Drivers/STM32F7xx_HAL_Driver/stm32f7xx_hal_cortex.o
LOAD Drivers/STM32F7xx_HAL_Driver/stm32f7xx_hal_dma.o
LOAD Drivers/STM32F7xx_HAL_Driver/stm32f7xx_hal_dma2d.o
LOAD Drivers/STM32F7xx_HAL_Driver/stm32f7xx_hal_dsi.o
LOAD Drivers/STM32F7xx_HAL_Driver/stm32f7xx_hal_gpio.o
LOAD Drivers/STM32F7xx_HAL_Driver/stm32f7xx_hal_i2c.o
LOAD Drivers/STM32F7xx_HAL_Driver/stm32f7xx_hal_i2c_ex.o
LOAD Drivers/STM32F7xx_HAL_Driver/stm32f7xx_hal_ltdc.o
LOAD Drivers/STM32F7xx_HAL_Driver/stm32f7xx_hal_ltdc_ex.o
LOAD Drivers/STM32F7xx_HAL_Driver/stm32f7xx_hal_pwr.o
LOAD Drivers/STM32F7xx_HAL_Driver/stm32f7xx_hal_pwr_ex.o
LOAD Drivers/STM32F7xx_HAL_Driver/stm32f7xx_hal_rcc.o
LOAD Drivers/STM32F7xx_HAL_Driver/stm32f7xx_hal_rcc_ex.o
LOAD Drivers/STM32F7xx_HAL_Driver/stm32f7xx_hal_sdram.o
LOAD Drivers/STM32F7xx_HAL_Driver/stm32f7xx_hal_sram.o
LOAD Drivers/STM32F7xx_HAL_Driver/stm32f7xx_hal_uart.o
LOAD Drivers/STM32F7xx_HAL_Driver/stm32f7xx_ll_fmc.o
LOAD Example/SW4STM32/startup_stm32f769xx.o
LOAD Example/User/main.o
LOAD Example/User/stm32f7xx_hal_msp.o
LOAD Example/User/stm32f7xx_it.o
LOAD d:/fakultet/seavus-sumer/systemworkbench/plugins/fr.ac6.mcu.externaltools.arm-none.win32_1.17.0.201812190825/tools/compiler/bin/../lib/gcc/arm-none-eabi/7.3.1/../../../../arm-none-eabi/lib/thumb/v7e-m/fpv5/hard\libm.a
START GROUP
LOAD d:/fakultet/seavus-sumer/systemworkbench/plugins/fr.ac6.mcu.externaltools.arm-none.win32_1.17.0.201812190825/tools/compiler/bin/../lib/gcc/arm-none-eabi/7.3.1/thumb/v7e-m/fpv5/hard\libgcc.a
LOAD d:/fakultet/seavus-sumer/systemworkbench/plugins/fr.ac6.mcu.externaltools.arm-none.win32_1.17.0.201812190825/tools/compiler/bin/../lib/gcc/arm-none-eabi/7.3.1/../../../../arm-none-eabi/lib/thumb/v7e-m/fpv5/hard\libc_nano.a
END GROUP
START GROUP
LOAD d:/fakultet/seavus-sumer/systemworkbench/plugins/fr.ac6.mcu.externaltools.arm-none.win32_1.17.0.201812190825/tools/compiler/bin/../lib/gcc/arm-none-eabi/7.3.1/thumb/v7e-m/fpv5/hard\libgcc.a
LOAD d:/fakultet/seavus-sumer/systemworkbench/plugins/fr.ac6.mcu.externaltools.arm-none.win32_1.17.0.201812190825/tools/compiler/bin/../lib/gcc/arm-none-eabi/7.3.1/../../../../arm-none-eabi/lib/thumb/v7e-m/fpv5/hard\libc_nano.a
LOAD d:/fakultet/seavus-sumer/systemworkbench/plugins/fr.ac6.mcu.externaltools.arm-none.win32_1.17.0.201812190825/tools/compiler/bin/../lib/gcc/arm-none-eabi/7.3.1/../../../../arm-none-eabi/lib/thumb/v7e-m/fpv5/hard\libnosys.a
END GROUP
START GROUP
LOAD d:/fakultet/seavus-sumer/systemworkbench/plugins/fr.ac6.mcu.externaltools.arm-none.win32_1.17.0.201812190825/tools/compiler/bin/../lib/gcc/arm-none-eabi/7.3.1/thumb/v7e-m/fpv5/hard\libgcc.a
LOAD d:/fakultet/seavus-sumer/systemworkbench/plugins/fr.ac6.mcu.externaltools.arm-none.win32_1.17.0.201812190825/tools/compiler/bin/../lib/gcc/arm-none-eabi/7.3.1/../../../../arm-none-eabi/lib/thumb/v7e-m/fpv5/hard\libc_nano.a
LOAD d:/fakultet/seavus-sumer/systemworkbench/plugins/fr.ac6.mcu.externaltools.arm-none.win32_1.17.0.201812190825/tools/compiler/bin/../lib/gcc/arm-none-eabi/7.3.1/../../../../arm-none-eabi/lib/thumb/v7e-m/fpv5/hard\libnosys.a
END GROUP
LOAD d:/fakultet/seavus-sumer/systemworkbench/plugins/fr.ac6.mcu.externaltools.arm-none.win32_1.17.0.201812190825/tools/compiler/bin/../lib/gcc/arm-none-eabi/7.3.1/thumb/v7e-m/fpv5/hard/crtend.o
LOAD d:/fakultet/seavus-sumer/systemworkbench/plugins/fr.ac6.mcu.externaltools.arm-none.win32_1.17.0.201812190825/tools/compiler/bin/../lib/gcc/arm-none-eabi/7.3.1/thumb/v7e-m/fpv5/hard/crtn.o
                0x20080000                _estack = 0x20080000
                0x00000200                _Min_Heap_Size = 0x200
                0x00000400                _Min_Stack_Size = 0x400

.isr_vector     0x08000000      0x1f8
                0x08000000                . = ALIGN (0x4)
 *(.isr_vector)
 .isr_vector    0x08000000      0x1f8 Example/SW4STM32/startup_stm32f769xx.o
                0x08000000                g_pfnVectors
                0x080001f8                . = ALIGN (0x4)

.text           0x080001f8     0x30b4
                0x080001f8                . = ALIGN (0x4)
 *(.text)
 .text          0x080001f8       0x40 d:/fakultet/seavus-sumer/systemworkbench/plugins/fr.ac6.mcu.externaltools.arm-none.win32_1.17.0.201812190825/tools/compiler/bin/../lib/gcc/arm-none-eabi/7.3.1/thumb/v7e-m/fpv5/hard/crtbegin.o
 .text          0x08000238       0x30 d:/fakultet/seavus-sumer/systemworkbench/plugins/fr.ac6.mcu.externaltools.arm-none.win32_1.17.0.201812190825/tools/compiler/bin/../lib/gcc/arm-none-eabi/7.3.1/thumb/v7e-m/fpv5/hard\libgcc.a(_aeabi_uldivmod.o)
                0x08000238                __aeabi_uldivmod
 .text          0x08000268      0x2cc d:/fakultet/seavus-sumer/systemworkbench/plugins/fr.ac6.mcu.externaltools.arm-none.win32_1.17.0.201812190825/tools/compiler/bin/../lib/gcc/arm-none-eabi/7.3.1/thumb/v7e-m/fpv5/hard\libgcc.a(_udivmoddi4.o)
                0x08000268                __udivmoddi4
 .text          0x08000534        0x4 d:/fakultet/seavus-sumer/systemworkbench/plugins/fr.ac6.mcu.externaltools.arm-none.win32_1.17.0.201812190825/tools/compiler/bin/../lib/gcc/arm-none-eabi/7.3.1/thumb/v7e-m/fpv5/hard\libgcc.a(_dvmd_tls.o)
                0x08000534                __aeabi_idiv0
                0x08000534                __aeabi_ldiv0
 *(.text*)
 .text.OTM8009A_Init
                0x08000538      0x498 Drivers/BSP/Components/otm8009a.o
                0x08000538                OTM8009A_Init
 .text.BSP_LED_Init
                0x080009d0       0x44 Drivers/BSP/STM32F769I_DISCOVERY/stm32f769i_discovery.o
                0x080009d0                BSP_LED_Init
 .text.OTM8009A_IO_Delay
                0x08000a14        0x4 Drivers/BSP/STM32F769I_DISCOVERY/stm32f769i_discovery.o
                0x08000a14                OTM8009A_IO_Delay
 .text.LL_FillBuffer
                0x08000a18       0x64 Drivers/BSP/STM32F769I_DISCOVERY/stm32f769i_discovery_lcd.o
 .text.BSP_LCD_Reset
                0x08000a7c       0x60 Drivers/BSP/STM32F769I_DISCOVERY/stm32f769i_discovery_lcd.o
                0x08000a7c                BSP_LCD_Reset
 .text.BSP_LCD_LayerDefaultInit
                0x08000adc       0x6c Drivers/BSP/STM32F769I_DISCOVERY/stm32f769i_discovery_lcd.o
                0x08000adc                BSP_LCD_LayerDefaultInit
 .text.BSP_LCD_SelectLayer
                0x08000b48        0xc Drivers/BSP/STM32F769I_DISCOVERY/stm32f769i_discovery_lcd.o
                0x08000b48                BSP_LCD_SelectLayer
 .text.BSP_LCD_SetTextColor
                0x08000b54       0x14 Drivers/BSP/STM32F769I_DISCOVERY/stm32f769i_discovery_lcd.o
                0x08000b54                BSP_LCD_SetTextColor
 .text.BSP_LCD_SetBackColor
                0x08000b68       0x14 Drivers/BSP/STM32F769I_DISCOVERY/stm32f769i_discovery_lcd.o
                0x08000b68                BSP_LCD_SetBackColor
 .text.BSP_LCD_SetFont
                0x08000b7c       0x14 Drivers/BSP/STM32F769I_DISCOVERY/stm32f769i_discovery_lcd.o
                0x08000b7c                BSP_LCD_SetFont
 .text.BSP_LCD_FillRect
                0x08000b90       0x44 Drivers/BSP/STM32F769I_DISCOVERY/stm32f769i_discovery_lcd.o
                0x08000b90                BSP_LCD_FillRect
 .text.DSI_IO_WriteCmd
                0x08000bd4       0x34 Drivers/BSP/STM32F769I_DISCOVERY/stm32f769i_discovery_lcd.o
                0x08000bd4                DSI_IO_WriteCmd
 .text.BSP_LCD_MspInit
                0x08000c08       0xa4 Drivers/BSP/STM32F769I_DISCOVERY/stm32f769i_discovery_lcd.o
                0x08000c08                BSP_LCD_MspInit
 .text.BSP_LCD_DrawPixel
                0x08000cac       0x2c Drivers/BSP/STM32F769I_DISCOVERY/stm32f769i_discovery_lcd.o
                0x08000cac                BSP_LCD_DrawPixel
 .text.BSP_LCD_DisplayChar
                0x08000cd8       0xb4 Drivers/BSP/STM32F769I_DISCOVERY/stm32f769i_discovery_lcd.o
                0x08000cd8                BSP_LCD_DisplayChar
 .text.BSP_LCD_DisplayStringAt
                0x08000d8c       0x94 Drivers/BSP/STM32F769I_DISCOVERY/stm32f769i_discovery_lcd.o
                0x08000d8c                BSP_LCD_DisplayStringAt
 .text.BSP_LCD_DisplayStringAtLine
                0x08000e20       0x28 Drivers/BSP/STM32F769I_DISCOVERY/stm32f769i_discovery_lcd.o
                0x08000e20                BSP_LCD_DisplayStringAtLine
 .text.BSP_SDRAM_Initialization_sequence
                0x08000e48       0x94 Drivers/BSP/STM32F769I_DISCOVERY/stm32f769i_discovery_sdram.o
                0x08000e48                BSP_SDRAM_Initialization_sequence
 .text.BSP_SDRAM_MspInit
                0x08000edc      0x184 Drivers/BSP/STM32F769I_DISCOVERY/stm32f769i_discovery_sdram.o
                0x08000edc                BSP_SDRAM_MspInit
 .text.BSP_SDRAM_Init
                0x08001060       0x80 Drivers/BSP/STM32F769I_DISCOVERY/stm32f769i_discovery_sdram.o
                0x08001060                BSP_SDRAM_Init
 .text.SystemInit
                0x080010e0       0x4c Drivers/CMSIS/system_stm32f7xx.o
                0x080010e0                SystemInit
 .text.HAL_MspInit
                0x0800112c        0x2 Drivers/STM32F7xx_HAL_Driver/stm32f7xx_hal.o
                0x0800112c                HAL_MspInit
 *fill*         0x0800112e        0x2 
 .text.HAL_InitTick
                0x08001130       0x44 Drivers/STM32F7xx_HAL_Driver/stm32f7xx_hal.o
                0x08001130                HAL_InitTick
 .text.HAL_Init
                0x08001174       0x2c Drivers/STM32F7xx_HAL_Driver/stm32f7xx_hal.o
                0x08001174                HAL_Init
 .text.HAL_IncTick
                0x080011a0       0x18 Drivers/STM32F7xx_HAL_Driver/stm32f7xx_hal.o
                0x080011a0                HAL_IncTick
 .text.HAL_GetTick
                0x080011b8        0xc Drivers/STM32F7xx_HAL_Driver/stm32f7xx_hal.o
                0x080011b8                HAL_GetTick
 .text.HAL_Delay
                0x080011c4       0x24 Drivers/STM32F7xx_HAL_Driver/stm32f7xx_hal.o
                0x080011c4                HAL_Delay
 .text.HAL_NVIC_SetPriorityGrouping
                0x080011e8       0x24 Drivers/STM32F7xx_HAL_Driver/stm32f7xx_hal_cortex.o
                0x080011e8                HAL_NVIC_SetPriorityGrouping
 .text.HAL_NVIC_SetPriority
                0x0800120c       0x64 Drivers/STM32F7xx_HAL_Driver/stm32f7xx_hal_cortex.o
                0x0800120c                HAL_NVIC_SetPriority
 .text.HAL_NVIC_EnableIRQ
                0x08001270       0x18 Drivers/STM32F7xx_HAL_Driver/stm32f7xx_hal_cortex.o
                0x08001270                HAL_NVIC_EnableIRQ
 .text.HAL_SYSTICK_Config
                0x08001288       0x2c Drivers/STM32F7xx_HAL_Driver/stm32f7xx_hal_cortex.o
                0x08001288                HAL_SYSTICK_Config
 .text.DMA_CalcBaseAndBitshift
                0x080012b4       0x2c Drivers/STM32F7xx_HAL_Driver/stm32f7xx_hal_dma.o
 .text.HAL_DMA_Init
                0x080012e0       0xfc Drivers/STM32F7xx_HAL_Driver/stm32f7xx_hal_dma.o
                0x080012e0                HAL_DMA_Init
 .text.HAL_DMA_DeInit
                0x080013dc       0x54 Drivers/STM32F7xx_HAL_Driver/stm32f7xx_hal_dma.o
                0x080013dc                HAL_DMA_DeInit
 .text.DMA2D_SetConfig
                0x08001430       0x84 Drivers/STM32F7xx_HAL_Driver/stm32f7xx_hal_dma2d.o
 .text.HAL_DMA2D_MspInit
                0x080014b4        0x2 Drivers/STM32F7xx_HAL_Driver/stm32f7xx_hal_dma2d.o
                0x080014b4                HAL_DMA2D_MspInit
 .text.HAL_DMA2D_Init
                0x080014b6       0x76 Drivers/STM32F7xx_HAL_Driver/stm32f7xx_hal_dma2d.o
                0x080014b6                HAL_DMA2D_Init
 .text.HAL_DMA2D_Start
                0x0800152c       0x34 Drivers/STM32F7xx_HAL_Driver/stm32f7xx_hal_dma2d.o
                0x0800152c                HAL_DMA2D_Start
 .text.HAL_DMA2D_PollForTransfer
                0x08001560      0x104 Drivers/STM32F7xx_HAL_Driver/stm32f7xx_hal_dma2d.o
                0x08001560                HAL_DMA2D_PollForTransfer
 .text.HAL_DMA2D_ConfigLayer
                0x08001664       0xa8 Drivers/STM32F7xx_HAL_Driver/stm32f7xx_hal_dma2d.o
                0x08001664                HAL_DMA2D_ConfigLayer
 .text.HAL_DSI_MspInit
                0x0800170c        0x2 Drivers/STM32F7xx_HAL_Driver/stm32f7xx_hal_dsi.o
                0x0800170c                HAL_DSI_MspInit
 *fill*         0x0800170e        0x2 
 .text.HAL_DSI_Init
                0x08001710      0x138 Drivers/STM32F7xx_HAL_Driver/stm32f7xx_hal_dsi.o
                0x08001710                HAL_DSI_Init
 .text.HAL_DSI_MspDeInit
                0x08001848        0x2 Drivers/STM32F7xx_HAL_Driver/stm32f7xx_hal_dsi.o
                0x08001848                HAL_DSI_MspDeInit
 .text.HAL_DSI_DeInit
                0x0800184a       0x56 Drivers/STM32F7xx_HAL_Driver/stm32f7xx_hal_dsi.o
                0x0800184a                HAL_DSI_DeInit
 .text.HAL_DSI_TearingEffectCallback
                0x080018a0        0x2 Drivers/STM32F7xx_HAL_Driver/stm32f7xx_hal_dsi.o
                0x080018a0                HAL_DSI_TearingEffectCallback
 .text.HAL_DSI_ErrorCallback
                0x080018a2        0x2 Drivers/STM32F7xx_HAL_Driver/stm32f7xx_hal_dsi.o
                0x080018a2                HAL_DSI_ErrorCallback
 .text.HAL_DSI_IRQHandler
                0x080018a4       0xe4 Drivers/STM32F7xx_HAL_Driver/stm32f7xx_hal_dsi.o
                0x080018a4                HAL_DSI_IRQHandler
 .text.HAL_DSI_ConfigAdaptedCommandMode
                0x08001988       0xe2 Drivers/STM32F7xx_HAL_Driver/stm32f7xx_hal_dsi.o
                0x08001988                HAL_DSI_ConfigAdaptedCommandMode
 *fill*         0x08001a6a        0x2 
 .text.HAL_DSI_ConfigCommand
                0x08001a6c       0x68 Drivers/STM32F7xx_HAL_Driver/stm32f7xx_hal_dsi.o
                0x08001a6c                HAL_DSI_ConfigCommand
 .text.HAL_DSI_ConfigFlowControl
                0x08001ad4       0x22 Drivers/STM32F7xx_HAL_Driver/stm32f7xx_hal_dsi.o
                0x08001ad4                HAL_DSI_ConfigFlowControl
 .text.HAL_DSI_ConfigPhyTimer
                0x08001af6       0x78 Drivers/STM32F7xx_HAL_Driver/stm32f7xx_hal_dsi.o
                0x08001af6                HAL_DSI_ConfigPhyTimer
 .text.HAL_DSI_Start
                0x08001b6e       0x28 Drivers/STM32F7xx_HAL_Driver/stm32f7xx_hal_dsi.o
                0x08001b6e                HAL_DSI_Start
 .text.HAL_DSI_Refresh
                0x08001b96       0x20 Drivers/STM32F7xx_HAL_Driver/stm32f7xx_hal_dsi.o
                0x08001b96                HAL_DSI_Refresh
 .text.HAL_DSI_ShortWrite
                0x08001bb6       0x56 Drivers/STM32F7xx_HAL_Driver/stm32f7xx_hal_dsi.o
                0x08001bb6                HAL_DSI_ShortWrite
 .text.HAL_DSI_LongWrite
                0x08001c0c       0xaa Drivers/STM32F7xx_HAL_Driver/stm32f7xx_hal_dsi.o
                0x08001c0c                HAL_DSI_LongWrite
 *fill*         0x08001cb6        0x2 
 .text.HAL_GPIO_Init
                0x08001cb8      0x1d4 Drivers/STM32F7xx_HAL_Driver/stm32f7xx_hal_gpio.o
                0x08001cb8                HAL_GPIO_Init
 .text.HAL_GPIO_WritePin
                0x08001e8c        0xa Drivers/STM32F7xx_HAL_Driver/stm32f7xx_hal_gpio.o
                0x08001e8c                HAL_GPIO_WritePin
 .text.LTDC_SetConfig
                0x08001e96      0x10c Drivers/STM32F7xx_HAL_Driver/stm32f7xx_hal_ltdc.o
 .text.HAL_LTDC_MspInit
                0x08001fa2        0x2 Drivers/STM32F7xx_HAL_Driver/stm32f7xx_hal_ltdc.o
                0x08001fa2                HAL_LTDC_MspInit
 .text.HAL_LTDC_Init
                0x08001fa4       0xe0 Drivers/STM32F7xx_HAL_Driver/stm32f7xx_hal_ltdc.o
                0x08001fa4                HAL_LTDC_Init
 .text.HAL_LTDC_MspDeInit
                0x08002084        0x2 Drivers/STM32F7xx_HAL_Driver/stm32f7xx_hal_ltdc.o
                0x08002084                HAL_LTDC_MspDeInit
 .text.HAL_LTDC_DeInit
                0x08002086       0x18 Drivers/STM32F7xx_HAL_Driver/stm32f7xx_hal_ltdc.o
                0x08002086                HAL_LTDC_DeInit
 .text.HAL_LTDC_ConfigLayer
                0x0800209e       0x52 Drivers/STM32F7xx_HAL_Driver/stm32f7xx_hal_ltdc.o
                0x0800209e                HAL_LTDC_ConfigLayer
 .text.HAL_PWREx_EnableOverDrive
                0x080020f0       0x70 Drivers/STM32F7xx_HAL_Driver/stm32f7xx_hal_pwr_ex.o
                0x080020f0                HAL_PWREx_EnableOverDrive
 .text.HAL_RCC_OscConfig
                0x08002160      0x328 Drivers/STM32F7xx_HAL_Driver/stm32f7xx_hal_rcc.o
                0x08002160                HAL_RCC_OscConfig
 .text.HAL_RCC_GetSysClockFreq
                0x08002488       0x5c Drivers/STM32F7xx_HAL_Driver/stm32f7xx_hal_rcc.o
                0x08002488                HAL_RCC_GetSysClockFreq
 .text.HAL_RCC_ClockConfig
                0x080024e4      0x138 Drivers/STM32F7xx_HAL_Driver/stm32f7xx_hal_rcc.o
                0x080024e4                HAL_RCC_ClockConfig
 .text.HAL_RCCEx_PeriphCLKConfig
                0x0800261c      0x55c Drivers/STM32F7xx_HAL_Driver/stm32f7xx_hal_rcc_ex.o
                0x0800261c                HAL_RCCEx_PeriphCLKConfig
 .text.HAL_SDRAM_MspInit
                0x08002b78        0x2 Drivers/STM32F7xx_HAL_Driver/stm32f7xx_hal_sdram.o
                0x08002b78                HAL_SDRAM_MspInit
 .text.HAL_SDRAM_Init
                0x08002b7a       0x40 Drivers/STM32F7xx_HAL_Driver/stm32f7xx_hal_sdram.o
                0x08002b7a                HAL_SDRAM_Init
 .text.HAL_SDRAM_SendCommand
                0x08002bba       0x2e Drivers/STM32F7xx_HAL_Driver/stm32f7xx_hal_sdram.o
                0x08002bba                HAL_SDRAM_SendCommand
 .text.HAL_SDRAM_ProgramRefreshRate
                0x08002be8       0x24 Drivers/STM32F7xx_HAL_Driver/stm32f7xx_hal_sdram.o
                0x08002be8                HAL_SDRAM_ProgramRefreshRate
 .text.FMC_SDRAM_Init
                0x08002c0c       0x6c Drivers/STM32F7xx_HAL_Driver/stm32f7xx_ll_fmc.o
                0x08002c0c                FMC_SDRAM_Init
 .text.FMC_SDRAM_Timing_Init
                0x08002c78       0x88 Drivers/STM32F7xx_HAL_Driver/stm32f7xx_ll_fmc.o
                0x08002c78                FMC_SDRAM_Timing_Init
 .text.FMC_SDRAM_SendCommand
                0x08002d00       0x26 Drivers/STM32F7xx_HAL_Driver/stm32f7xx_ll_fmc.o
                0x08002d00                FMC_SDRAM_SendCommand
 .text.FMC_SDRAM_ProgramRefreshRate
                0x08002d26        0xc Drivers/STM32F7xx_HAL_Driver/stm32f7xx_ll_fmc.o
                0x08002d26                FMC_SDRAM_ProgramRefreshRate
 *fill*         0x08002d32        0x2 
 .text.Reset_Handler
                0x08002d34       0x50 Example/SW4STM32/startup_stm32f769xx.o
                0x08002d34                Reset_Handler
 .text.Default_Handler
                0x08002d84        0x2 Example/SW4STM32/startup_stm32f769xx.o
                0x08002d84                RTC_Alarm_IRQHandler
                0x08002d84                EXTI2_IRQHandler
                0x08002d84                TIM8_CC_IRQHandler
                0x08002d84                UART8_IRQHandler
                0x08002d84                SPI4_IRQHandler
                0x08002d84                TIM1_CC_IRQHandler
                0x08002d84                DMA2_Stream5_IRQHandler
                0x08002d84                JPEG_IRQHandler
                0x08002d84                DMA1_Stream5_IRQHandler
                0x08002d84                CAN3_RX1_IRQHandler
                0x08002d84                PVD_IRQHandler
                0x08002d84                TAMP_STAMP_IRQHandler
                0x08002d84                CAN2_RX1_IRQHandler
                0x08002d84                EXTI3_IRQHandler
                0x08002d84                TIM8_TRG_COM_TIM14_IRQHandler
                0x08002d84                DFSDM1_FLT1_IRQHandler
                0x08002d84                TIM1_UP_TIM10_IRQHandler
                0x08002d84                TIM8_UP_TIM13_IRQHandler
                0x08002d84                I2C3_ER_IRQHandler
                0x08002d84                DFSDM1_FLT2_IRQHandler
                0x08002d84                EXTI0_IRQHandler
                0x08002d84                I2C2_EV_IRQHandler
                0x08002d84                DMA1_Stream2_IRQHandler
                0x08002d84                CAN1_RX0_IRQHandler
                0x08002d84                FPU_IRQHandler
                0x08002d84                OTG_HS_WKUP_IRQHandler
                0x08002d84                CAN3_SCE_IRQHandler
                0x08002d84                LTDC_ER_IRQHandler
                0x08002d84                CAN2_SCE_IRQHandler
                0x08002d84                DMA2_Stream2_IRQHandler
                0x08002d84                SPI1_IRQHandler
                0x08002d84                TIM6_DAC_IRQHandler
                0x08002d84                TIM1_BRK_TIM9_IRQHandler
                0x08002d84                DCMI_IRQHandler
                0x08002d84                CAN2_RX0_IRQHandler
                0x08002d84                DMA2_Stream3_IRQHandler
                0x08002d84                SAI2_IRQHandler
                0x08002d84                DFSDM1_FLT3_IRQHandler
                0x08002d84                USART6_IRQHandler
                0x08002d84                CAN3_RX0_IRQHandler
                0x08002d84                USART3_IRQHandler
                0x08002d84                CAN1_RX1_IRQHandler
                0x08002d84                UART5_IRQHandler
                0x08002d84                DMA2_Stream0_IRQHandler
                0x08002d84                TIM4_IRQHandler
                0x08002d84                QUADSPI_IRQHandler
                0x08002d84                I2C1_EV_IRQHandler
                0x08002d84                DMA1_Stream6_IRQHandler
                0x08002d84                DMA1_Stream1_IRQHandler
                0x08002d84                UART4_IRQHandler
                0x08002d84                TIM3_IRQHandler
                0x08002d84                RCC_IRQHandler
                0x08002d84                TIM8_BRK_TIM12_IRQHandler
                0x08002d84                Default_Handler
                0x08002d84                CEC_IRQHandler
                0x08002d84                EXTI15_10_IRQHandler
                0x08002d84                ADC_IRQHandler
                0x08002d84                DMA1_Stream7_IRQHandler
                0x08002d84                SPI5_IRQHandler
                0x08002d84                TIM7_IRQHandler
                0x08002d84                SDMMC1_IRQHandler
                0x08002d84                CAN2_TX_IRQHandler
                0x08002d84                TIM5_IRQHandler
                0x08002d84                DMA2_Stream7_IRQHandler
                0x08002d84                I2C3_EV_IRQHandler
                0x08002d84                EXTI9_5_IRQHandler
                0x08002d84                RTC_WKUP_IRQHandler
                0x08002d84                LTDC_IRQHandler
                0x08002d84                ETH_WKUP_IRQHandler
                0x08002d84                SPDIF_RX_IRQHandler
                0x08002d84                SPI2_IRQHandler
                0x08002d84                OTG_HS_EP1_IN_IRQHandler
                0x08002d84                DMA1_Stream0_IRQHandler
                0x08002d84                CAN1_TX_IRQHandler
                0x08002d84                EXTI4_IRQHandler
                0x08002d84                RNG_IRQHandler
                0x08002d84                ETH_IRQHandler
                0x08002d84                OTG_HS_EP1_OUT_IRQHandler
                0x08002d84                WWDG_IRQHandler
                0x08002d84                SPI6_IRQHandler
                0x08002d84                MDIOS_IRQHandler
                0x08002d84                I2C4_EV_IRQHandler
                0x08002d84                CAN3_TX_IRQHandler
                0x08002d84                TIM2_IRQHandler
                0x08002d84                OTG_FS_WKUP_IRQHandler
                0x08002d84                TIM1_TRG_COM_TIM11_IRQHandler
                0x08002d84                OTG_HS_IRQHandler
                0x08002d84                DMA2D_IRQHandler
                0x08002d84                EXTI1_IRQHandler
                0x08002d84                SDMMC2_IRQHandler
                0x08002d84                UART7_IRQHandler
                0x08002d84                USART2_IRQHandler
                0x08002d84                DFSDM1_FLT0_IRQHandler
                0x08002d84                I2C2_ER_IRQHandler
                0x08002d84                DMA2_Stream1_IRQHandler
                0x08002d84                CAN1_SCE_IRQHandler
                0x08002d84                FLASH_IRQHandler
                0x08002d84                DMA2_Stream4_IRQHandler
                0x08002d84                USART1_IRQHandler
                0x08002d84                OTG_FS_IRQHandler
                0x08002d84                SPI3_IRQHandler
                0x08002d84                DMA1_Stream4_IRQHandler
                0x08002d84                I2C1_ER_IRQHandler
                0x08002d84                FMC_IRQHandler
                0x08002d84                LPTIM1_IRQHandler
                0x08002d84                I2C4_ER_IRQHandler
                0x08002d84                DMA2_Stream6_IRQHandler
                0x08002d84                SAI1_IRQHandler
                0x08002d84                DMA1_Stream3_IRQHandler
 *fill*         0x08002d86        0x2 
 .text.CopyBuffer
                0x08002d88       0x84 Example/User/main.o
 .text.HAL_DSI_EndOfRefreshCallback
                0x08002e0c       0x60 Example/User/main.o
                0x08002e0c                HAL_DSI_EndOfRefreshCallback
 .text.LTDC_Init
                0x08002e6c       0x54 Example/User/main.o
                0x08002e6c                LTDC_Init
 .text.startup.main
                0x08002ec0      0x36c Example/User/main.o
                0x08002ec0                main
 .text.NMI_Handler
                0x0800322c        0x2 Example/User/stm32f7xx_it.o
                0x0800322c                NMI_Handler
 .text.HardFault_Handler
                0x0800322e        0x2 Example/User/stm32f7xx_it.o
                0x0800322e                HardFault_Handler
 .text.MemManage_Handler
                0x08003230        0x2 Example/User/stm32f7xx_it.o
                0x08003230                MemManage_Handler
 .text.BusFault_Handler
                0x08003232        0x2 Example/User/stm32f7xx_it.o
                0x08003232                BusFault_Handler
 .text.UsageFault_Handler
                0x08003234        0x2 Example/User/stm32f7xx_it.o
                0x08003234                UsageFault_Handler
 .text.SVC_Handler
                0x08003236        0x2 Example/User/stm32f7xx_it.o
                0x08003236                SVC_Handler
 .text.DebugMon_Handler
                0x08003238        0x2 Example/User/stm32f7xx_it.o
                0x08003238                DebugMon_Handler
 .text.PendSV_Handler
                0x0800323a        0x2 Example/User/stm32f7xx_it.o
                0x0800323a                PendSV_Handler
 .text.SysTick_Handler
                0x0800323c        0x4 Example/User/stm32f7xx_it.o
                0x0800323c                SysTick_Handler
 .text.DSI_IRQHandler
                0x08003240        0xc Example/User/stm32f7xx_it.o
                0x08003240                DSI_IRQHandler
 .text.__libc_init_array
                0x0800324c       0x48 d:/fakultet/seavus-sumer/systemworkbench/plugins/fr.ac6.mcu.externaltools.arm-none.win32_1.17.0.201812190825/tools/compiler/bin/../lib/gcc/arm-none-eabi/7.3.1/../../../../arm-none-eabi/lib/thumb/v7e-m/fpv5/hard\libc_nano.a(lib_a-init.o)
                0x0800324c                __libc_init_array
 *(.glue_7)
 .glue_7        0x08003294        0x0 linker stubs
 *(.glue_7t)
 .glue_7t       0x08003294        0x0 linker stubs
 *(.eh_frame)
 .eh_frame      0x08003294        0x0 d:/fakultet/seavus-sumer/systemworkbench/plugins/fr.ac6.mcu.externaltools.arm-none.win32_1.17.0.201812190825/tools/compiler/bin/../lib/gcc/arm-none-eabi/7.3.1/thumb/v7e-m/fpv5/hard/crtbegin.o
 *(.init)
 .init          0x08003294        0x4 d:/fakultet/seavus-sumer/systemworkbench/plugins/fr.ac6.mcu.externaltools.arm-none.win32_1.17.0.201812190825/tools/compiler/bin/../lib/gcc/arm-none-eabi/7.3.1/thumb/v7e-m/fpv5/hard/crti.o
                0x08003294                _init
 .init          0x08003298        0x8 d:/fakultet/seavus-sumer/systemworkbench/plugins/fr.ac6.mcu.externaltools.arm-none.win32_1.17.0.201812190825/tools/compiler/bin/../lib/gcc/arm-none-eabi/7.3.1/thumb/v7e-m/fpv5/hard/crtn.o
 *(.fini)
 .fini          0x080032a0        0x4 d:/fakultet/seavus-sumer/systemworkbench/plugins/fr.ac6.mcu.externaltools.arm-none.win32_1.17.0.201812190825/tools/compiler/bin/../lib/gcc/arm-none-eabi/7.3.1/thumb/v7e-m/fpv5/hard/crti.o
                0x080032a0                _fini
 .fini          0x080032a4        0x8 d:/fakultet/seavus-sumer/systemworkbench/plugins/fr.ac6.mcu.externaltools.arm-none.win32_1.17.0.201812190825/tools/compiler/bin/../lib/gcc/arm-none-eabi/7.3.1/thumb/v7e-m/fpv5/hard/crtn.o
                0x080032ac                . = ALIGN (0x4)
                0x080032ac                _etext = .

.vfp11_veneer   0x080032ac        0x0
 .vfp11_veneer  0x080032ac        0x0 linker stubs

.v4_bx          0x080032ac        0x0
 .v4_bx         0x080032ac        0x0 linker stubs

.iplt           0x080032ac        0x0
 .iplt          0x080032ac        0x0 d:/fakultet/seavus-sumer/systemworkbench/plugins/fr.ac6.mcu.externaltools.arm-none.win32_1.17.0.201812190825/tools/compiler/bin/../lib/gcc/arm-none-eabi/7.3.1/thumb/v7e-m/fpv5/hard/crtbegin.o

.rodata         0x080032ac    0x99f58
                0x080032ac                . = ALIGN (0x4)
 *(.rodata)
 .rodata        0x080032ac      0x195 Drivers/BSP/Components/otm8009a.o
                0x080032ac                ShortRegData1
                0x080032ae                lcdRegData1
                0x080032b2                ShortRegData2
                0x080032b4                lcdRegData2
                0x080032b7                ShortRegData3
                0x080032b9                ShortRegData4
                0x080032bb                ShortRegData5
                0x080032bd                ShortRegData6
                0x080032bf                ShortRegData7
                0x080032c1                ShortRegData8
                0x080032c3                ShortRegData9
                0x080032c5                ShortRegData10
                0x080032c7                ShortRegData11
                0x080032c9                ShortRegData12
                0x080032cb                ShortRegData13
                0x080032cd                ShortRegData14
                0x080032cf                ShortRegData15
                0x080032d1                ShortRegData16
                0x080032d3                ShortRegData17
                0x080032d5                ShortRegData18
                0x080032d7                ShortRegData19
                0x080032d9                lcdRegData5
                0x080032dc                ShortRegData20
                0x080032de                ShortRegData21
                0x080032e0                ShortRegData22
                0x080032e2                ShortRegData23
                0x080032e4                ShortRegData24
                0x080032e6                ShortRegData25
                0x080032e8                ShortRegData26
                0x080032ea                ShortRegData27
                0x080032ec                ShortRegData28
                0x080032ee                lcdRegData6
                0x080032f1                lcdRegData7
                0x080032f8                ShortRegData29
                0x080032fa                lcdRegData8
                0x08003309                ShortRegData30
                0x0800330b                lcdRegData9
                0x0800331a                ShortRegData31
                0x0800331c                lcdRegData10
                0x08003327                ShortRegData32
                0x08003329                ShortRegData46
                0x0800332b                lcdRegData11
                0x08003336                ShortRegData33
                0x08003338                lcdRegData12
                0x08003348                lcdRegData13
                0x08003358                lcdRegData14
                0x08003363                lcdRegData15
                0x08003373                lcdRegData16
                0x08003383                ShortRegData34
                0x08003385                lcdRegData17
                0x08003390                ShortRegData35
                0x08003392                lcdRegData18
                0x0800339d                lcdRegData19
                0x080033a8                lcdRegData20
                0x080033b8                lcdRegData21
                0x080033c8                lcdRegData22
                0x080033d3                lcdRegData23
                0x080033e3                lcdRegData24
                0x080033f3                ShortRegData47
                0x080033f5                ShortRegData48
                0x080033f7                ShortRegData49
                0x080033f9                ShortRegData50
                0x080033fb                ShortRegData51
                0x080033fd                lcdRegData25
                0x08003401                lcdRegData3
                0x08003412                lcdRegData4
                0x08003423                ShortRegData36
                0x08003425                ShortRegData37
                0x08003427                ShortRegData38
                0x08003429                ShortRegData39
                0x0800342b                lcdRegData27
                0x08003430                lcdRegData28
                0x08003435                ShortRegData40
                0x08003437                ShortRegData41
                0x08003439                ShortRegData42
                0x0800343b                ShortRegData43
                0x0800343d                ShortRegData44
                0x0800343f                ShortRegData45
 .rodata        0x08003441     0x3cdc Drivers/BSP/STM32F769I_DISCOVERY/stm32f769i_discovery_lcd.o
                0x08003441                Font8_Table
                0x08003739                Font12_Table
                0x08003bad                Font16_Table
                0x0800478d                Font20_Table
                0x08005665                Font24_Table
 .rodata        0x0800711d       0x18 Drivers/CMSIS/system_stm32f7xx.o
                0x0800711d                AHBPrescTable
                0x0800712d                APBPrescTable
 .rodata        0x08007135        0x8 Drivers/STM32F7xx_HAL_Driver/stm32f7xx_hal_dma.o
 *fill*         0x0800713d        0x3 
 .rodata        0x08007140    0x96010 Example/User/main.o
                0x08007150                life_augmented_argb8888
                0x08052150                image_320x240_argb8888
 *(.rodata*)
 .rodata.str1.1
                0x0809d150       0xb4 Example/User/main.o
                0x0809d204                . = ALIGN (0x4)

.ARM.extab
 *(.ARM.extab* .gnu.linkonce.armextab.*)

.ARM            0x0809d204        0x8
                0x0809d204                __exidx_start = .
 *(.ARM.exidx*)
 .ARM.exidx     0x0809d204        0x8 d:/fakultet/seavus-sumer/systemworkbench/plugins/fr.ac6.mcu.externaltools.arm-none.win32_1.17.0.201812190825/tools/compiler/bin/../lib/gcc/arm-none-eabi/7.3.1/thumb/v7e-m/fpv5/hard\libgcc.a(_udivmoddi4.o)
                0x0809d20c                __exidx_end = .

.rel.dyn        0x0809d20c        0x0
 .rel.iplt      0x0809d20c        0x0 d:/fakultet/seavus-sumer/systemworkbench/plugins/fr.ac6.mcu.externaltools.arm-none.win32_1.17.0.201812190825/tools/compiler/bin/../lib/gcc/arm-none-eabi/7.3.1/thumb/v7e-m/fpv5/hard/crtbegin.o

.preinit_array  0x0809d20c        0x0
                0x0809d20c                PROVIDE (__preinit_array_start = .)
 *(.preinit_array*)
                0x0809d20c                PROVIDE (__preinit_array_end = .)

.init_array     0x0809d20c        0x4
                0x0809d20c                PROVIDE (__init_array_start = .)
 *(SORT_BY_NAME(.init_array.*))
 *(.init_array*)
 .init_array    0x0809d20c        0x4 d:/fakultet/seavus-sumer/systemworkbench/plugins/fr.ac6.mcu.externaltools.arm-none.win32_1.17.0.201812190825/tools/compiler/bin/../lib/gcc/arm-none-eabi/7.3.1/thumb/v7e-m/fpv5/hard/crtbegin.o
                0x0809d210                PROVIDE (__init_array_end = .)

.fini_array     0x0809d210        0x4
                [!provide]                PROVIDE (__fini_array_start = .)
 *(SORT_BY_NAME(.fini_array.*))
 *(.fini_array*)
 .fini_array    0x0809d210        0x4 d:/fakultet/seavus-sumer/systemworkbench/plugins/fr.ac6.mcu.externaltools.arm-none.win32_1.17.0.201812190825/tools/compiler/bin/../lib/gcc/arm-none-eabi/7.3.1/thumb/v7e-m/fpv5/hard/crtbegin.o
                [!provide]                PROVIDE (__fini_array_end = .)
                0x0809d214                _sidata = LOADADDR (.data)

.data           0x20000000       0x58 load address 0x0809d214
                0x20000000                . = ALIGN (0x4)
                0x20000000                _sdata = .
 *(.data)
 .data          0x20000000       0x14 Drivers/BSP/STM32F769I_DISCOVERY/stm32f769i_discovery.o
                0x20000000                GPIO_PIN
                0x20000008                GPIO_PORT
                0x20000010                BUTTON_PORT
 .data          0x20000014       0x30 Drivers/BSP/STM32F769I_DISCOVERY/stm32f769i_discovery_lcd.o
                0x20000014                lcd_x_size
                0x20000018                lcd_y_size
                0x2000001c                Font24
                0x20000024                Font8
                0x2000002c                Font12
                0x20000034                Font16
                0x2000003c                Font20
 .data          0x20000044        0x2 Drivers/BSP/STM32F769I_DISCOVERY/stm32f769i_discovery_sdram.o
 *fill*         0x20000046        0x2 
 .data          0x20000048        0x4 Drivers/CMSIS/system_stm32f7xx.o
                0x20000048                SystemCoreClock
 .data          0x2000004c        0x8 Drivers/STM32F7xx_HAL_Driver/stm32f7xx_hal.o
                0x2000004c                uwTickFreq
                0x20000050                uwTickPrio
 .data          0x20000054        0x4 Example/User/main.o
 *(.data*)
                0x20000058                . = ALIGN (0x4)
                0x20000058                _edata = .

.igot.plt       0x20000058        0x0 load address 0x0809d26c
 .igot.plt      0x20000058        0x0 d:/fakultet/seavus-sumer/systemworkbench/plugins/fr.ac6.mcu.externaltools.arm-none.win32_1.17.0.201812190825/tools/compiler/bin/../lib/gcc/arm-none-eabi/7.3.1/thumb/v7e-m/fpv5/hard/crtbegin.o
                0x20000058                . = ALIGN (0x4)

.bss            0x20000058      0x53c load address 0x0809d26c
                0x20000058                _sbss = .
                0x20000058                __bss_start__ = _sbss
 *(.bss)
 .bss           0x20000058       0x1c d:/fakultet/seavus-sumer/systemworkbench/plugins/fr.ac6.mcu.externaltools.arm-none.win32_1.17.0.201812190825/tools/compiler/bin/../lib/gcc/arm-none-eabi/7.3.1/thumb/v7e-m/fpv5/hard/crtbegin.o
 .bss           0x20000074      0x118 Drivers/BSP/STM32F769I_DISCOVERY/stm32f769i_discovery_lcd.o
 .bss           0x2000018c       0xec Drivers/BSP/STM32F769I_DISCOVERY/stm32f769i_discovery_sdram.o
 .bss           0x20000278       0xf0 Example/User/main.o
 *(.bss*)
 *(COMMON)
 COMMON         0x20000368      0x11c Drivers/BSP/STM32F769I_DISCOVERY/stm32f769i_discovery_lcd.o
                0x20000368                hdma2d_discovery
                0x200003c0                hltdc_discovery
                0x20000468                hdsi_discovery
 COMMON         0x20000484       0x34 Drivers/BSP/STM32F769I_DISCOVERY/stm32f769i_discovery_sdram.o
                0x20000484                sdramHandle
 COMMON         0x200004b8        0x4 Drivers/STM32F7xx_HAL_Driver/stm32f7xx_hal.o
                0x200004b8                uwTick
 COMMON         0x200004bc       0xd8 Example/User/main.o
                0x200004bc                CmdCfg
                0x200004e8                dsiPllInit
                0x200004f4                hdsivideo_handle
                0x20000560                LPCmd
                0x20000594                . = ALIGN (0x4)
                0x20000594                _ebss = .
                0x20000594                __bss_end__ = _ebss

._user_heap_stack
                0x20000594      0x604 load address 0x0809d26c
                0x20000598                . = ALIGN (0x8)
 *fill*         0x20000594        0x4 
                [!provide]                PROVIDE (end = .)
                [!provide]                PROVIDE (_end = .)
                0x20000798                . = (. + _Min_Heap_Size)
 *fill*         0x20000598      0x200 
                0x20000b98                . = (. + _Min_Stack_Size)
 *fill*         0x20000798      0x400 
                0x20000b98                . = ALIGN (0x8)

/DISCARD/
 libc.a(*)
 libm.a(*)
 libgcc.a(*)

.ARM.attributes
                0x00000000       0x2e
 *(.ARM.attributes)
 .ARM.attributes
                0x00000000       0x20 d:/fakultet/seavus-sumer/systemworkbench/plugins/fr.ac6.mcu.externaltools.arm-none.win32_1.17.0.201812190825/tools/compiler/bin/../lib/gcc/arm-none-eabi/7.3.1/thumb/v7e-m/fpv5/hard/crti.o
 .ARM.attributes
                0x00000020       0x32 d:/fakultet/seavus-sumer/systemworkbench/plugins/fr.ac6.mcu.externaltools.arm-none.win32_1.17.0.201812190825/tools/compiler/bin/../lib/gcc/arm-none-eabi/7.3.1/thumb/v7e-m/fpv5/hard/crtbegin.o
 .ARM.attributes
                0x00000052       0x37 Drivers/BSP/Components/otm8009a.o
 .ARM.attributes
                0x00000089       0x37 Drivers/BSP/STM32F769I_DISCOVERY/stm32f769i_discovery.o
 .ARM.attributes
                0x000000c0       0x37 Drivers/BSP/STM32F769I_DISCOVERY/stm32f769i_discovery_lcd.o
 .ARM.attributes
                0x000000f7       0x37 Drivers/BSP/STM32F769I_DISCOVERY/stm32f769i_discovery_sdram.o
 .ARM.attributes
                0x0000012e       0x37 Drivers/CMSIS/system_stm32f7xx.o
 .ARM.attributes
                0x00000165       0x37 Drivers/STM32F7xx_HAL_Driver/stm32f7xx_hal.o
 .ARM.attributes
                0x0000019c       0x37 Drivers/STM32F7xx_HAL_Driver/stm32f7xx_hal_cortex.o
 .ARM.attributes
                0x000001d3       0x37 Drivers/STM32F7xx_HAL_Driver/stm32f7xx_hal_dma.o
 .ARM.attributes
                0x0000020a       0x37 Drivers/STM32F7xx_HAL_Driver/stm32f7xx_hal_dma2d.o
 .ARM.attributes
                0x00000241       0x37 Drivers/STM32F7xx_HAL_Driver/stm32f7xx_hal_dsi.o
 .ARM.attributes
                0x00000278       0x37 Drivers/STM32F7xx_HAL_Driver/stm32f7xx_hal_gpio.o
 .ARM.attributes
                0x000002af       0x37 Drivers/STM32F7xx_HAL_Driver/stm32f7xx_hal_ltdc.o
 .ARM.attributes
                0x000002e6       0x37 Drivers/STM32F7xx_HAL_Driver/stm32f7xx_hal_pwr_ex.o
 .ARM.attributes
                0x0000031d       0x37 Drivers/STM32F7xx_HAL_Driver/stm32f7xx_hal_rcc.o
 .ARM.attributes
                0x00000354       0x37 Drivers/STM32F7xx_HAL_Driver/stm32f7xx_hal_rcc_ex.o
 .ARM.attributes
                0x0000038b       0x37 Drivers/STM32F7xx_HAL_Driver/stm32f7xx_hal_sdram.o
 .ARM.attributes
                0x000003c2       0x37 Drivers/STM32F7xx_HAL_Driver/stm32f7xx_ll_fmc.o
 .ARM.attributes
                0x000003f9       0x21 Example/SW4STM32/startup_stm32f769xx.o
 .ARM.attributes
                0x0000041a       0x37 Example/User/main.o
 .ARM.attributes
                0x00000451       0x37 Example/User/stm32f7xx_it.o
 .ARM.attributes
                0x00000488       0x20 d:/fakultet/seavus-sumer/systemworkbench/plugins/fr.ac6.mcu.externaltools.arm-none.win32_1.17.0.201812190825/tools/compiler/bin/../lib/gcc/arm-none-eabi/7.3.1/thumb/v7e-m/fpv5/hard\libgcc.a(_aeabi_uldivmod.o)
 .ARM.attributes
                0x000004a8       0x32 d:/fakultet/seavus-sumer/systemworkbench/plugins/fr.ac6.mcu.externaltools.arm-none.win32_1.17.0.201812190825/tools/compiler/bin/../lib/gcc/arm-none-eabi/7.3.1/thumb/v7e-m/fpv5/hard\libgcc.a(_udivmoddi4.o)
 .ARM.attributes
                0x000004da       0x20 d:/fakultet/seavus-sumer/systemworkbench/plugins/fr.ac6.mcu.externaltools.arm-none.win32_1.17.0.201812190825/tools/compiler/bin/../lib/gcc/arm-none-eabi/7.3.1/thumb/v7e-m/fpv5/hard\libgcc.a(_dvmd_tls.o)
 .ARM.attributes
                0x000004fa       0x32 d:/fakultet/seavus-sumer/systemworkbench/plugins/fr.ac6.mcu.externaltools.arm-none.win32_1.17.0.201812190825/tools/compiler/bin/../lib/gcc/arm-none-eabi/7.3.1/../../../../arm-none-eabi/lib/thumb/v7e-m/fpv5/hard\libc_nano.a(lib_a-init.o)
 .ARM.attributes
                0x0000052c       0x20 d:/fakultet/seavus-sumer/systemworkbench/plugins/fr.ac6.mcu.externaltools.arm-none.win32_1.17.0.201812190825/tools/compiler/bin/../lib/gcc/arm-none-eabi/7.3.1/thumb/v7e-m/fpv5/hard/crtn.o
OUTPUT(STM32F769I_DISCOVERY.elf elf32-littlearm)

.debug_info     0x00000000    0x1ea56
 .debug_info    0x00000000     0x1234 Drivers/BSP/Components/otm8009a.o
 .debug_info    0x00001234     0x2384 Drivers/BSP/STM32F769I_DISCOVERY/stm32f769i_discovery.o
 .debug_info    0x000035b8     0x41a2 Drivers/BSP/STM32F769I_DISCOVERY/stm32f769i_discovery_lcd.o
 .debug_info    0x0000775a     0x1b05 Drivers/BSP/STM32F769I_DISCOVERY/stm32f769i_discovery_sdram.o
 .debug_info    0x0000925f      0xf12 Drivers/CMSIS/system_stm32f7xx.o
 .debug_info    0x0000a171     0x138c Drivers/STM32F7xx_HAL_Driver/stm32f7xx_hal.o
 .debug_info    0x0000b4fd     0x19bb Drivers/STM32F7xx_HAL_Driver/stm32f7xx_hal_cortex.o
 .debug_info    0x0000ceb8     0x1272 Drivers/STM32F7xx_HAL_Driver/stm32f7xx_hal_dma.o
 .debug_info    0x0000e12a     0x194f Drivers/STM32F7xx_HAL_Driver/stm32f7xx_hal_dma2d.o
 .debug_info    0x0000fa79     0x2335 Drivers/STM32F7xx_HAL_Driver/stm32f7xx_hal_dsi.o
 .debug_info    0x00011dae      0xfcc Drivers/STM32F7xx_HAL_Driver/stm32f7xx_hal_gpio.o
 .debug_info    0x00012d7a     0x1b1d Drivers/STM32F7xx_HAL_Driver/stm32f7xx_hal_ltdc.o
 .debug_info    0x00014897     0x123b Drivers/STM32F7xx_HAL_Driver/stm32f7xx_hal_pwr_ex.o
 .debug_info    0x00015ad2     0x1380 Drivers/STM32F7xx_HAL_Driver/stm32f7xx_hal_rcc.o
 .debug_info    0x00016e52     0x1095 Drivers/STM32F7xx_HAL_Driver/stm32f7xx_hal_rcc_ex.o
 .debug_info    0x00017ee7     0x15c2 Drivers/STM32F7xx_HAL_Driver/stm32f7xx_hal_sdram.o
 .debug_info    0x000194a9     0x14e3 Drivers/STM32F7xx_HAL_Driver/stm32f7xx_ll_fmc.o
 .debug_info    0x0001a98c       0x22 Example/SW4STM32/startup_stm32f769xx.o
 .debug_info    0x0001a9ae     0x2c24 Example/User/main.o
 .debug_info    0x0001d5d2     0x1484 Example/User/stm32f7xx_it.o

.debug_abbrev   0x00000000     0x3c56
 .debug_abbrev  0x00000000      0x101 Drivers/BSP/Components/otm8009a.o
 .debug_abbrev  0x00000101      0x489 Drivers/BSP/STM32F769I_DISCOVERY/stm32f769i_discovery.o
 .debug_abbrev  0x0000058a      0x4b5 Drivers/BSP/STM32F769I_DISCOVERY/stm32f769i_discovery_lcd.o
 .debug_abbrev  0x00000a3f      0x2ec Drivers/BSP/STM32F769I_DISCOVERY/stm32f769i_discovery_sdram.o
 .debug_abbrev  0x00000d2b      0x212 Drivers/CMSIS/system_stm32f7xx.o
 .debug_abbrev  0x00000f3d      0x338 Drivers/STM32F7xx_HAL_Driver/stm32f7xx_hal.o
 .debug_abbrev  0x00001275      0x3d6 Drivers/STM32F7xx_HAL_Driver/stm32f7xx_hal_cortex.o
 .debug_abbrev  0x0000164b      0x395 Drivers/STM32F7xx_HAL_Driver/stm32f7xx_hal_dma.o
 .debug_abbrev  0x000019e0      0x391 Drivers/STM32F7xx_HAL_Driver/stm32f7xx_hal_dma2d.o
 .debug_abbrev  0x00001d71      0x3a6 Drivers/STM32F7xx_HAL_Driver/stm32f7xx_hal_dsi.o
 .debug_abbrev  0x00002117      0x2a5 Drivers/STM32F7xx_HAL_Driver/stm32f7xx_hal_gpio.o
 .debug_abbrev  0x000023bc      0x31b Drivers/STM32F7xx_HAL_Driver/stm32f7xx_hal_ltdc.o
 .debug_abbrev  0x000026d7      0x2e4 Drivers/STM32F7xx_HAL_Driver/stm32f7xx_hal_pwr_ex.o
 .debug_abbrev  0x000029bb      0x39b Drivers/STM32F7xx_HAL_Driver/stm32f7xx_hal_rcc.o
 .debug_abbrev  0x00002d56      0x2ab Drivers/STM32F7xx_HAL_Driver/stm32f7xx_hal_rcc_ex.o
 .debug_abbrev  0x00003001      0x317 Drivers/STM32F7xx_HAL_Driver/stm32f7xx_hal_sdram.o
 .debug_abbrev  0x00003318      0x288 Drivers/STM32F7xx_HAL_Driver/stm32f7xx_ll_fmc.o
 .debug_abbrev  0x000035a0       0x12 Example/SW4STM32/startup_stm32f769xx.o
 .debug_abbrev  0x000035b2      0x423 Example/User/main.o
 .debug_abbrev  0x000039d5      0x281 Example/User/stm32f7xx_it.o

.debug_loc      0x00000000     0x9f74
 .debug_loc     0x00000000       0x3c Drivers/BSP/Components/otm8009a.o
 .debug_loc     0x0000003c      0x7c7 Drivers/BSP/STM32F769I_DISCOVERY/stm32f769i_discovery.o
 .debug_loc     0x00000803     0x2185 Drivers/BSP/STM32F769I_DISCOVERY/stm32f769i_discovery_lcd.o
 .debug_loc     0x00002988      0x302 Drivers/BSP/STM32F769I_DISCOVERY/stm32f769i_discovery_sdram.o
 .debug_loc     0x00002c8a      0x11c Drivers/CMSIS/system_stm32f7xx.o
 .debug_loc     0x00002da6      0x102 Drivers/STM32F7xx_HAL_Driver/stm32f7xx_hal.o
 .debug_loc     0x00002ea8      0x504 Drivers/STM32F7xx_HAL_Driver/stm32f7xx_hal_cortex.o
 .debug_loc     0x000033ac      0x83c Drivers/STM32F7xx_HAL_Driver/stm32f7xx_hal_dma.o
 .debug_loc     0x00003be8     0x10b4 Drivers/STM32F7xx_HAL_Driver/stm32f7xx_hal_dma2d.o
 .debug_loc     0x00004c9c     0x1c56 Drivers/STM32F7xx_HAL_Driver/stm32f7xx_hal_dsi.o
 .debug_loc     0x000068f2      0x3cd Drivers/STM32F7xx_HAL_Driver/stm32f7xx_hal_gpio.o
 .debug_loc     0x00006cbf     0x1236 Drivers/STM32F7xx_HAL_Driver/stm32f7xx_hal_ltdc.o
 .debug_loc     0x00007ef5      0x1c2 Drivers/STM32F7xx_HAL_Driver/stm32f7xx_hal_pwr_ex.o
 .debug_loc     0x000080b7      0x3fa Drivers/STM32F7xx_HAL_Driver/stm32f7xx_hal_rcc.o
 .debug_loc     0x000084b1      0x5e5 Drivers/STM32F7xx_HAL_Driver/stm32f7xx_hal_rcc_ex.o
 .debug_loc     0x00008a96      0xa74 Drivers/STM32F7xx_HAL_Driver/stm32f7xx_hal_sdram.o
 .debug_loc     0x0000950a      0x7ff Drivers/STM32F7xx_HAL_Driver/stm32f7xx_ll_fmc.o
 .debug_loc     0x00009d09      0x26b Example/User/main.o

.debug_aranges  0x00000000      0xca8
 .debug_aranges
                0x00000000       0x28 Drivers/BSP/Components/otm8009a.o
 .debug_aranges
                0x00000028       0xe0 Drivers/BSP/STM32F769I_DISCOVERY/stm32f769i_discovery.o
 .debug_aranges
                0x00000108      0x198 Drivers/BSP/STM32F769I_DISCOVERY/stm32f769i_discovery_lcd.o
 .debug_aranges
                0x000002a0       0x68 Drivers/BSP/STM32F769I_DISCOVERY/stm32f769i_discovery_sdram.o
 .debug_aranges
                0x00000308       0x28 Drivers/CMSIS/system_stm32f7xx.o
 .debug_aranges
                0x00000330      0x108 Drivers/STM32F7xx_HAL_Driver/stm32f7xx_hal.o
 .debug_aranges
                0x00000438       0xa8 Drivers/STM32F7xx_HAL_Driver/stm32f7xx_hal_cortex.o
 .debug_aranges
                0x000004e0       0x80 Drivers/STM32F7xx_HAL_Driver/stm32f7xx_hal_dma.o
 .debug_aranges
                0x00000560       0xf0 Drivers/STM32F7xx_HAL_Driver/stm32f7xx_hal_dma2d.o
 .debug_aranges
                0x00000650      0x148 Drivers/STM32F7xx_HAL_Driver/stm32f7xx_hal_dsi.o
 .debug_aranges
                0x00000798       0x58 Drivers/STM32F7xx_HAL_Driver/stm32f7xx_hal_gpio.o
 .debug_aranges
                0x000007f0      0x138 Drivers/STM32F7xx_HAL_Driver/stm32f7xx_hal_ltdc.o
 .debug_aranges
                0x00000928       0x80 Drivers/STM32F7xx_HAL_Driver/stm32f7xx_hal_pwr_ex.o
 .debug_aranges
                0x000009a8       0x88 Drivers/STM32F7xx_HAL_Driver/stm32f7xx_hal_rcc.o
 .debug_aranges
                0x00000a30       0x50 Drivers/STM32F7xx_HAL_Driver/stm32f7xx_hal_rcc_ex.o
 .debug_aranges
                0x00000a80       0xb0 Drivers/STM32F7xx_HAL_Driver/stm32f7xx_hal_sdram.o
 .debug_aranges
                0x00000b30       0xc8 Drivers/STM32F7xx_HAL_Driver/stm32f7xx_ll_fmc.o
 .debug_aranges
                0x00000bf8       0x28 Example/SW4STM32/startup_stm32f769xx.o
 .debug_aranges
                0x00000c20       0x38 Example/User/main.o
 .debug_aranges
                0x00000c58       0x50 Example/User/stm32f7xx_it.o

.debug_ranges   0x00000000     0x10e0
 .debug_ranges  0x00000000       0x18 Drivers/BSP/Components/otm8009a.o
 .debug_ranges  0x00000018      0x1c8 Drivers/BSP/STM32F769I_DISCOVERY/stm32f769i_discovery.o
 .debug_ranges  0x000001e0      0x298 Drivers/BSP/STM32F769I_DISCOVERY/stm32f769i_discovery_lcd.o
 .debug_ranges  0x00000478       0xa0 Drivers/BSP/STM32F769I_DISCOVERY/stm32f769i_discovery_sdram.o
 .debug_ranges  0x00000518       0x18 Drivers/CMSIS/system_stm32f7xx.o
 .debug_ranges  0x00000530       0xf8 Drivers/STM32F7xx_HAL_Driver/stm32f7xx_hal.o
 .debug_ranges  0x00000628      0x150 Drivers/STM32F7xx_HAL_Driver/stm32f7xx_hal_cortex.o
 .debug_ranges  0x00000778       0xd0 Drivers/STM32F7xx_HAL_Driver/stm32f7xx_hal_dma.o
 .debug_ranges  0x00000848       0xe0 Drivers/STM32F7xx_HAL_Driver/stm32f7xx_hal_dma2d.o
 .debug_ranges  0x00000928      0x1d8 Drivers/STM32F7xx_HAL_Driver/stm32f7xx_hal_dsi.o
 .debug_ranges  0x00000b00       0x70 Drivers/STM32F7xx_HAL_Driver/stm32f7xx_hal_gpio.o
 .debug_ranges  0x00000b70      0x128 Drivers/STM32F7xx_HAL_Driver/stm32f7xx_hal_ltdc.o
 .debug_ranges  0x00000c98       0xe8 Drivers/STM32F7xx_HAL_Driver/stm32f7xx_hal_pwr_ex.o
 .debug_ranges  0x00000d80       0xe8 Drivers/STM32F7xx_HAL_Driver/stm32f7xx_hal_rcc.o
 .debug_ranges  0x00000e68       0x58 Drivers/STM32F7xx_HAL_Driver/stm32f7xx_hal_rcc_ex.o
 .debug_ranges  0x00000ec0       0xa0 Drivers/STM32F7xx_HAL_Driver/stm32f7xx_hal_sdram.o
 .debug_ranges  0x00000f60       0xb8 Drivers/STM32F7xx_HAL_Driver/stm32f7xx_ll_fmc.o
 .debug_ranges  0x00001018       0x20 Example/SW4STM32/startup_stm32f769xx.o
 .debug_ranges  0x00001038       0x68 Example/User/main.o
 .debug_ranges  0x000010a0       0x40 Example/User/stm32f7xx_it.o

.debug_macro    0x00000000    0x3004a
 .debug_macro   0x00000000       0x72 Drivers/BSP/Components/otm8009a.o
 .debug_macro   0x00000072      0xa6c Drivers/BSP/Components/otm8009a.o
 .debug_macro   0x00000ade       0x22 Drivers/BSP/Components/otm8009a.o
 .debug_macro   0x00000b00       0x8e Drivers/BSP/Components/otm8009a.o
 .debug_macro   0x00000b8e       0x51 Drivers/BSP/Components/otm8009a.o
 .debug_macro   0x00000bdf       0xef Drivers/BSP/Components/otm8009a.o
 .debug_macro   0x00000cce       0x6a Drivers/BSP/Components/otm8009a.o
 .debug_macro   0x00000d38      0x1df Drivers/BSP/Components/otm8009a.o
 .debug_macro   0x00000f17      0x170 Drivers/BSP/Components/otm8009a.o
 .debug_macro   0x00001087      0x3b1 Drivers/BSP/STM32F769I_DISCOVERY/stm32f769i_discovery.o
 .debug_macro   0x00001438      0x1d3 Drivers/BSP/STM32F769I_DISCOVERY/stm32f769i_discovery.o
 .debug_macro   0x0000160b       0x2e Drivers/BSP/STM32F769I_DISCOVERY/stm32f769i_discovery.o
 .debug_macro   0x00001639       0x3b Drivers/BSP/STM32F769I_DISCOVERY/stm32f769i_discovery.o
 .debug_macro   0x00001674       0x35 Drivers/BSP/STM32F769I_DISCOVERY/stm32f769i_discovery.o
 .debug_macro   0x000016a9       0x50 Drivers/BSP/STM32F769I_DISCOVERY/stm32f769i_discovery.o
 .debug_macro   0x000016f9     0x1114 Drivers/BSP/STM32F769I_DISCOVERY/stm32f769i_discovery.o
 .debug_macro   0x0000280d    0x1f9e6 Drivers/BSP/STM32F769I_DISCOVERY/stm32f769i_discovery.o
 .debug_macro   0x000221f3       0x43 Drivers/BSP/STM32F769I_DISCOVERY/stm32f769i_discovery.o
 .debug_macro   0x00022236     0x35cf Drivers/BSP/STM32F769I_DISCOVERY/stm32f769i_discovery.o
 .debug_macro   0x00025805       0x5e Drivers/BSP/STM32F769I_DISCOVERY/stm32f769i_discovery.o
 .debug_macro   0x00025863       0x17 Drivers/BSP/STM32F769I_DISCOVERY/stm32f769i_discovery.o
 .debug_macro   0x0002587a       0x35 Drivers/BSP/STM32F769I_DISCOVERY/stm32f769i_discovery.o
 .debug_macro   0x000258af       0x34 Drivers/BSP/STM32F769I_DISCOVERY/stm32f769i_discovery.o
 .debug_macro   0x000258e3       0x16 Drivers/BSP/STM32F769I_DISCOVERY/stm32f769i_discovery.o
 .debug_macro   0x000258f9       0x97 Drivers/BSP/STM32F769I_DISCOVERY/stm32f769i_discovery.o
 .debug_macro   0x00025990      0x330 Drivers/BSP/STM32F769I_DISCOVERY/stm32f769i_discovery.o
 .debug_macro   0x00025cc0       0xfd Drivers/BSP/STM32F769I_DISCOVERY/stm32f769i_discovery.o
 .debug_macro   0x00025dbd       0x10 Drivers/BSP/STM32F769I_DISCOVERY/stm32f769i_discovery.o
 .debug_macro   0x00025dcd       0x58 Drivers/BSP/STM32F769I_DISCOVERY/stm32f769i_discovery.o
 .debug_macro   0x00025e25       0x1f Drivers/BSP/STM32F769I_DISCOVERY/stm32f769i_discovery.o
 .debug_macro   0x00025e44       0x43 Drivers/BSP/STM32F769I_DISCOVERY/stm32f769i_discovery.o
 .debug_macro   0x00025e87       0x20 Drivers/BSP/STM32F769I_DISCOVERY/stm32f769i_discovery.o
 .debug_macro   0x00025ea7      0x18e Drivers/BSP/STM32F769I_DISCOVERY/stm32f769i_discovery.o
 .debug_macro   0x00026035       0x10 Drivers/BSP/STM32F769I_DISCOVERY/stm32f769i_discovery.o
 .debug_macro   0x00026045       0x1c Drivers/BSP/STM32F769I_DISCOVERY/stm32f769i_discovery.o
 .debug_macro   0x00026061       0x52 Drivers/BSP/STM32F769I_DISCOVERY/stm32f769i_discovery.o
 .debug_macro   0x000260b3       0x40 Drivers/BSP/STM32F769I_DISCOVERY/stm32f769i_discovery.o
 .debug_macro   0x000260f3       0x10 Drivers/BSP/STM32F769I_DISCOVERY/stm32f769i_discovery.o
 .debug_macro   0x00026103       0x40 Drivers/BSP/STM32F769I_DISCOVERY/stm32f769i_discovery.o
 .debug_macro   0x00026143       0xd7 Drivers/BSP/STM32F769I_DISCOVERY/stm32f769i_discovery.o
 .debug_macro   0x0002621a       0x1c Drivers/BSP/STM32F769I_DISCOVERY/stm32f769i_discovery.o
 .debug_macro   0x00026236       0x3d Drivers/BSP/STM32F769I_DISCOVERY/stm32f769i_discovery.o
 .debug_macro   0x00026273       0x16 Drivers/BSP/STM32F769I_DISCOVERY/stm32f769i_discovery.o
 .debug_macro   0x00026289      0x16f Drivers/BSP/STM32F769I_DISCOVERY/stm32f769i_discovery.o
 .debug_macro   0x000263f8       0x5e Drivers/BSP/STM32F769I_DISCOVERY/stm32f769i_discovery.o
 .debug_macro   0x00026456     0x1b3f Drivers/BSP/STM32F769I_DISCOVERY/stm32f769i_discovery.o
 .debug_macro   0x00027f95      0x6ca Drivers/BSP/STM32F769I_DISCOVERY/stm32f769i_discovery.o
 .debug_macro   0x0002865f      0x11e Drivers/BSP/STM32F769I_DISCOVERY/stm32f769i_discovery.o
 .debug_macro   0x0002877d      0x27e Drivers/BSP/STM32F769I_DISCOVERY/stm32f769i_discovery.o
 .debug_macro   0x000289fb       0x27 Drivers/BSP/STM32F769I_DISCOVERY/stm32f769i_discovery.o
 .debug_macro   0x00028a22      0x24f Drivers/BSP/STM32F769I_DISCOVERY/stm32f769i_discovery.o
 .debug_macro   0x00028c71       0x71 Drivers/BSP/STM32F769I_DISCOVERY/stm32f769i_discovery.o
 .debug_macro   0x00028ce2       0x58 Drivers/BSP/STM32F769I_DISCOVERY/stm32f769i_discovery.o
 .debug_macro   0x00028d3a      0x23a Drivers/BSP/STM32F769I_DISCOVERY/stm32f769i_discovery.o
 .debug_macro   0x00028f74      0x408 Drivers/BSP/STM32F769I_DISCOVERY/stm32f769i_discovery.o
 .debug_macro   0x0002937c      0x161 Drivers/BSP/STM32F769I_DISCOVERY/stm32f769i_discovery.o
 .debug_macro   0x000294dd      0x100 Drivers/BSP/STM32F769I_DISCOVERY/stm32f769i_discovery.o
 .debug_macro   0x000295dd      0x22b Drivers/BSP/STM32F769I_DISCOVERY/stm32f769i_discovery.o
 .debug_macro   0x00029808      0x156 Drivers/BSP/STM32F769I_DISCOVERY/stm32f769i_discovery.o
 .debug_macro   0x0002995e      0x3de Drivers/BSP/STM32F769I_DISCOVERY/stm32f769i_discovery.o
 .debug_macro   0x00029d3c       0x12 Drivers/BSP/STM32F769I_DISCOVERY/stm32f769i_discovery.o
 .debug_macro   0x00029d4e      0x516 Drivers/BSP/STM32F769I_DISCOVERY/stm32f769i_discovery.o
 .debug_macro   0x0002a264       0x10 Drivers/BSP/STM32F769I_DISCOVERY/stm32f769i_discovery.o
 .debug_macro   0x0002a274      0x209 Drivers/BSP/STM32F769I_DISCOVERY/stm32f769i_discovery.o
 .debug_macro   0x0002a47d       0x61 Drivers/BSP/STM32F769I_DISCOVERY/stm32f769i_discovery.o
 .debug_macro   0x0002a4de       0x90 Drivers/BSP/STM32F769I_DISCOVERY/stm32f769i_discovery.o
 .debug_macro   0x0002a56e      0x183 Drivers/BSP/STM32F769I_DISCOVERY/stm32f769i_discovery.o
 .debug_macro   0x0002a6f1      0x6f5 Drivers/BSP/STM32F769I_DISCOVERY/stm32f769i_discovery.o
 .debug_macro   0x0002ade6       0xd6 Drivers/BSP/STM32F769I_DISCOVERY/stm32f769i_discovery.o
 .debug_macro   0x0002aebc      0x132 Drivers/BSP/STM32F769I_DISCOVERY/stm32f769i_discovery.o
 .debug_macro   0x0002afee      0x10c Drivers/BSP/STM32F769I_DISCOVERY/stm32f769i_discovery.o
 .debug_macro   0x0002b0fa       0x35 Drivers/BSP/STM32F769I_DISCOVERY/stm32f769i_discovery.o
 .debug_macro   0x0002b12f      0x4e8 Drivers/BSP/STM32F769I_DISCOVERY/stm32f769i_discovery.o
 .debug_macro   0x0002b617       0x47 Drivers/BSP/STM32F769I_DISCOVERY/stm32f769i_discovery.o
 .debug_macro   0x0002b65e      0x16c Drivers/BSP/STM32F769I_DISCOVERY/stm32f769i_discovery.o
 .debug_macro   0x0002b7ca      0x1d8 Drivers/BSP/STM32F769I_DISCOVERY/stm32f769i_discovery.o
 .debug_macro   0x0002b9a2      0x439 Drivers/BSP/STM32F769I_DISCOVERY/stm32f769i_discovery_lcd.o
 .debug_macro   0x0002bddb       0x16 Drivers/BSP/STM32F769I_DISCOVERY/stm32f769i_discovery_lcd.o
 .debug_macro   0x0002bdf1       0xff Drivers/BSP/STM32F769I_DISCOVERY/stm32f769i_discovery_lcd.o
 .debug_macro   0x0002bef0       0x3b Drivers/BSP/STM32F769I_DISCOVERY/stm32f769i_discovery_lcd.o
 .debug_macro   0x0002bf2b       0x57 Drivers/BSP/STM32F769I_DISCOVERY/stm32f769i_discovery_lcd.o
 .debug_macro   0x0002bf82       0x9a Drivers/BSP/STM32F769I_DISCOVERY/stm32f769i_discovery_lcd.o
 .debug_macro   0x0002c01c      0x1de Drivers/BSP/STM32F769I_DISCOVERY/stm32f769i_discovery_lcd.o
 .debug_macro   0x0002c1fa       0x10 Drivers/BSP/STM32F769I_DISCOVERY/stm32f769i_discovery_lcd.o
 .debug_macro   0x0002c20a       0x16 Drivers/BSP/STM32F769I_DISCOVERY/stm32f769i_discovery_lcd.o
 .debug_macro   0x0002c220       0x35 Drivers/BSP/STM32F769I_DISCOVERY/stm32f769i_discovery_lcd.o
 .debug_macro   0x0002c255      0x13d Drivers/BSP/STM32F769I_DISCOVERY/stm32f769i_discovery_lcd.o
 .debug_macro   0x0002c392      0x393 Drivers/BSP/STM32F769I_DISCOVERY/stm32f769i_discovery_sdram.o
 .debug_macro   0x0002c725      0x38a Drivers/CMSIS/system_stm32f7xx.o
 .debug_macro   0x0002caaf      0x3a8 Drivers/STM32F7xx_HAL_Driver/stm32f7xx_hal.o
 .debug_macro   0x0002ce57      0x384 Drivers/STM32F7xx_HAL_Driver/stm32f7xx_hal_cortex.o
 .debug_macro   0x0002d1db      0x38b Drivers/STM32F7xx_HAL_Driver/stm32f7xx_hal_dma.o
 .debug_macro   0x0002d566      0x392 Drivers/STM32F7xx_HAL_Driver/stm32f7xx_hal_dma2d.o
 .debug_macro   0x0002d8f8      0x3c6 Drivers/STM32F7xx_HAL_Driver/stm32f7xx_hal_dsi.o
 .debug_macro   0x0002dcbe      0x3bc Drivers/STM32F7xx_HAL_Driver/stm32f7xx_hal_gpio.o
 .debug_macro   0x0002e07a      0x384 Drivers/STM32F7xx_HAL_Driver/stm32f7xx_hal_ltdc.o
 .debug_macro   0x0002e3fe      0x39c Drivers/STM32F7xx_HAL_Driver/stm32f7xx_hal_pwr_ex.o
 .debug_macro   0x0002e79a      0x3a8 Drivers/STM32F7xx_HAL_Driver/stm32f7xx_hal_rcc.o
 .debug_macro   0x0002eb42      0x384 Drivers/STM32F7xx_HAL_Driver/stm32f7xx_hal_rcc_ex.o
 .debug_macro   0x0002eec6      0x384 Drivers/STM32F7xx_HAL_Driver/stm32f7xx_hal_sdram.o
 .debug_macro   0x0002f24a      0x384 Drivers/STM32F7xx_HAL_Driver/stm32f7xx_ll_fmc.o
 .debug_macro   0x0002f5ce      0x456 Example/User/main.o
 .debug_macro   0x0002fa24      0x170 Example/User/main.o
 .debug_macro   0x0002fb94       0xa0 Example/User/main.o
 .debug_macro   0x0002fc34      0x416 Example/User/stm32f7xx_it.o

.debug_line     0x00000000     0xf37c
 .debug_line    0x00000000      0x3e2 Drivers/BSP/Components/otm8009a.o
 .debug_line    0x000003e2      0xbe8 Drivers/BSP/STM32F769I_DISCOVERY/stm32f769i_discovery.o
 .debug_line    0x00000fca     0x1291 Drivers/BSP/STM32F769I_DISCOVERY/stm32f769i_discovery_lcd.o
 .debug_line    0x0000225b      0xad4 Drivers/BSP/STM32F769I_DISCOVERY/stm32f769i_discovery_sdram.o
 .debug_line    0x00002d2f      0x9c4 Drivers/CMSIS/system_stm32f7xx.o
 .debug_line    0x000036f3      0xb8d Drivers/STM32F7xx_HAL_Driver/stm32f7xx_hal.o
 .debug_line    0x00004280      0xbce Drivers/STM32F7xx_HAL_Driver/stm32f7xx_hal_cortex.o
 .debug_line    0x00004e4e      0xc9f Drivers/STM32F7xx_HAL_Driver/stm32f7xx_hal_dma.o
 .debug_line    0x00005aed      0xf21 Drivers/STM32F7xx_HAL_Driver/stm32f7xx_hal_dma2d.o
 .debug_line    0x00006a0e     0x1452 Drivers/STM32F7xx_HAL_Driver/stm32f7xx_hal_dsi.o
 .debug_line    0x00007e60      0xb49 Drivers/STM32F7xx_HAL_Driver/stm32f7xx_hal_gpio.o
 .debug_line    0x000089a9     0x1352 Drivers/STM32F7xx_HAL_Driver/stm32f7xx_hal_ltdc.o
 .debug_line    0x00009cfb      0xad9 Drivers/STM32F7xx_HAL_Driver/stm32f7xx_hal_pwr_ex.o
 .debug_line    0x0000a7d4      0xca7 Drivers/STM32F7xx_HAL_Driver/stm32f7xx_hal_rcc.o
 .debug_line    0x0000b47b      0xb9e Drivers/STM32F7xx_HAL_Driver/stm32f7xx_hal_rcc_ex.o
 .debug_line    0x0000c019      0xc69 Drivers/STM32F7xx_HAL_Driver/stm32f7xx_hal_sdram.o
 .debug_line    0x0000cc82      0xc06 Drivers/STM32F7xx_HAL_Driver/stm32f7xx_ll_fmc.o
 .debug_line    0x0000d888       0xf3 Example/SW4STM32/startup_stm32f769xx.o
 .debug_line    0x0000d97b      0xddf Example/User/main.o
 .debug_line    0x0000e75a      0xc22 Example/User/stm32f7xx_it.o

.debug_str      0x00000000   0x1180a7
 .debug_str     0x00000000     0x4743 Drivers/BSP/Components/otm8009a.o
                               0x48b4 (size before relaxing)
 .debug_str     0x00004743   0x10da9d Drivers/BSP/STM32F769I_DISCOVERY/stm32f769i_discovery.o
                             0x111a8d (size before relaxing)
 .debug_str     0x001121e0     0x2774 Drivers/BSP/STM32F769I_DISCOVERY/stm32f769i_discovery_lcd.o
                             0x114058 (size before relaxing)
 .debug_str     0x00114954      0x488 Drivers/BSP/STM32F769I_DISCOVERY/stm32f769i_discovery_sdram.o
                             0x110f27 (size before relaxing)
 .debug_str     0x00114ddc      0x1e2 Drivers/CMSIS/system_stm32f7xx.o
                             0x10fe49 (size before relaxing)
 .debug_str     0x00114fbe      0x4a5 Drivers/STM32F7xx_HAL_Driver/stm32f7xx_hal.o
                             0x110875 (size before relaxing)
 .debug_str     0x00115463      0x33f Drivers/STM32F7xx_HAL_Driver/stm32f7xx_hal_cortex.o
                             0x1107f0 (size before relaxing)
 .debug_str     0x001157a2      0x32e Drivers/STM32F7xx_HAL_Driver/stm32f7xx_hal_dma.o
                             0x110148 (size before relaxing)
 .debug_str     0x00115ad0      0x37a Drivers/STM32F7xx_HAL_Driver/stm32f7xx_hal_dma2d.o
                             0x11030b (size before relaxing)
 .debug_str     0x00115e4a      0xa41 Drivers/STM32F7xx_HAL_Driver/stm32f7xx_hal_dsi.o
                             0x110c9c (size before relaxing)
 .debug_str     0x0011688b      0x21c Drivers/STM32F7xx_HAL_Driver/stm32f7xx_hal_gpio.o
                             0x10ffd8 (size before relaxing)
 .debug_str     0x00116aa7      0x394 Drivers/STM32F7xx_HAL_Driver/stm32f7xx_hal_ltdc.o
                             0x110362 (size before relaxing)
 .debug_str     0x00116e3b      0x21a Drivers/STM32F7xx_HAL_Driver/stm32f7xx_hal_pwr_ex.o
                             0x110094 (size before relaxing)
 .debug_str     0x00117055      0x396 Drivers/STM32F7xx_HAL_Driver/stm32f7xx_hal_rcc.o
                             0x110152 (size before relaxing)
 .debug_str     0x001173eb      0x16e Drivers/STM32F7xx_HAL_Driver/stm32f7xx_hal_rcc_ex.o
                             0x1100f7 (size before relaxing)
 .debug_str     0x00117559      0x2e3 Drivers/STM32F7xx_HAL_Driver/stm32f7xx_hal_sdram.o
                             0x110404 (size before relaxing)
 .debug_str     0x0011783c      0x3bb Drivers/STM32F7xx_HAL_Driver/stm32f7xx_ll_fmc.o
                             0x11026c (size before relaxing)
 .debug_str     0x00117bf7       0xa3 Example/SW4STM32/startup_stm32f769xx.o
                                0x13d (size before relaxing)
 .debug_str     0x00117c9a      0x2e2 Example/User/main.o
                             0x113783 (size before relaxing)
 .debug_str     0x00117f7c      0x12b Example/User/stm32f7xx_it.o
                             0x112790 (size before relaxing)

.comment        0x00000000       0x7f
 .comment       0x00000000       0x7f Drivers/BSP/Components/otm8009a.o
                                 0x80 (size before relaxing)
 .comment       0x0000007f       0x80 Drivers/BSP/STM32F769I_DISCOVERY/stm32f769i_discovery.o
 .comment       0x0000007f       0x80 Drivers/BSP/STM32F769I_DISCOVERY/stm32f769i_discovery_lcd.o
 .comment       0x0000007f       0x80 Drivers/BSP/STM32F769I_DISCOVERY/stm32f769i_discovery_sdram.o
 .comment       0x0000007f       0x80 Drivers/CMSIS/system_stm32f7xx.o
 .comment       0x0000007f       0x80 Drivers/STM32F7xx_HAL_Driver/stm32f7xx_hal.o
 .comment       0x0000007f       0x80 Drivers/STM32F7xx_HAL_Driver/stm32f7xx_hal_cortex.o
 .comment       0x0000007f       0x80 Drivers/STM32F7xx_HAL_Driver/stm32f7xx_hal_dma.o
 .comment       0x0000007f       0x80 Drivers/STM32F7xx_HAL_Driver/stm32f7xx_hal_dma2d.o
 .comment       0x0000007f       0x80 Drivers/STM32F7xx_HAL_Driver/stm32f7xx_hal_dsi.o
 .comment       0x0000007f       0x80 Drivers/STM32F7xx_HAL_Driver/stm32f7xx_hal_gpio.o
 .comment       0x0000007f       0x80 Drivers/STM32F7xx_HAL_Driver/stm32f7xx_hal_ltdc.o
 .comment       0x0000007f       0x80 Drivers/STM32F7xx_HAL_Driver/stm32f7xx_hal_pwr_ex.o
 .comment       0x0000007f       0x80 Drivers/STM32F7xx_HAL_Driver/stm32f7xx_hal_rcc.o
 .comment       0x0000007f       0x80 Drivers/STM32F7xx_HAL_Driver/stm32f7xx_hal_rcc_ex.o
 .comment       0x0000007f       0x80 Drivers/STM32F7xx_HAL_Driver/stm32f7xx_hal_sdram.o
 .comment       0x0000007f       0x80 Drivers/STM32F7xx_HAL_Driver/stm32f7xx_ll_fmc.o
 .comment       0x0000007f       0x80 Example/User/main.o
 .comment       0x0000007f       0x80 Example/User/stm32f7xx_it.o

.debug_frame    0x00000000     0x2354
 .debug_frame   0x00000000       0x3c Drivers/BSP/Components/otm8009a.o
 .debug_frame   0x0000003c      0x2e8 Drivers/BSP/STM32F769I_DISCOVERY/stm32f769i_discovery.o
 .debug_frame   0x00000324      0x5a4 Drivers/BSP/STM32F769I_DISCOVERY/stm32f769i_discovery_lcd.o
 .debug_frame   0x000008c8      0x12c Drivers/BSP/STM32F769I_DISCOVERY/stm32f769i_discovery_sdram.o
 .debug_frame   0x000009f4       0x38 Drivers/CMSIS/system_stm32f7xx.o
 .debug_frame   0x00000a2c      0x230 Drivers/STM32F7xx_HAL_Driver/stm32f7xx_hal.o
 .debug_frame   0x00000c5c      0x158 Drivers/STM32F7xx_HAL_Driver/stm32f7xx_hal_cortex.o
 .debug_frame   0x00000db4      0x15c Drivers/STM32F7xx_HAL_Driver/stm32f7xx_hal_dma.o
 .debug_frame   0x00000f10      0x2f8 Drivers/STM32F7xx_HAL_Driver/stm32f7xx_hal_dma2d.o
 .debug_frame   0x00001208      0x398 Drivers/STM32F7xx_HAL_Driver/stm32f7xx_hal_dsi.o
 .debug_frame   0x000015a0       0xd8 Drivers/STM32F7xx_HAL_Driver/stm32f7xx_hal_gpio.o
 .debug_frame   0x00001678      0x398 Drivers/STM32F7xx_HAL_Driver/stm32f7xx_hal_ltdc.o
 .debug_frame   0x00001a10      0x13c Drivers/STM32F7xx_HAL_Driver/stm32f7xx_hal_pwr_ex.o
 .debug_frame   0x00001b4c      0x148 Drivers/STM32F7xx_HAL_Driver/stm32f7xx_hal_rcc.o
 .debug_frame   0x00001c94       0xcc Drivers/STM32F7xx_HAL_Driver/stm32f7xx_hal_rcc_ex.o
 .debug_frame   0x00001d60      0x228 Drivers/STM32F7xx_HAL_Driver/stm32f7xx_hal_sdram.o
 .debug_frame   0x00001f88      0x1e4 Drivers/STM32F7xx_HAL_Driver/stm32f7xx_ll_fmc.o
 .debug_frame   0x0000216c       0xac Example/User/main.o
 .debug_frame   0x00002218       0xb0 Example/User/stm32f7xx_it.o
 .debug_frame   0x000022c8       0x2c d:/fakultet/seavus-sumer/systemworkbench/plugins/fr.ac6.mcu.externaltools.arm-none.win32_1.17.0.201812190825/tools/compiler/bin/../lib/gcc/arm-none-eabi/7.3.1/thumb/v7e-m/fpv5/hard\libgcc.a(_aeabi_uldivmod.o)
 .debug_frame   0x000022f4       0x34 d:/fakultet/seavus-sumer/systemworkbench/plugins/fr.ac6.mcu.externaltools.arm-none.win32_1.17.0.201812190825/tools/compiler/bin/../lib/gcc/arm-none-eabi/7.3.1/thumb/v7e-m/fpv5/hard\libgcc.a(_udivmoddi4.o)
 .debug_frame   0x00002328       0x2c d:/fakultet/seavus-sumer/systemworkbench/plugins/fr.ac6.mcu.externaltools.arm-none.win32_1.17.0.201812190825/tools/compiler/bin/../lib/gcc/arm-none-eabi/7.3.1/../../../../arm-none-eabi/lib/thumb/v7e-m/fpv5/hard\libc_nano.a(lib_a-init.o)
